Info    : Reading 'meshes/naca.msh'...
Info    : Reading 'meshes/naca.msh'...
Info    : Reading 'meshes/naca.msh'...
Info    : Reading 'meshes/naca.msh'...
Info    : Reading 'meshes/naca.msh'...
Info    : 131 entities
Info    : 131 entities
Info    : 131 entities
Info    : 131 entities
Info    : 131 entities
Info    : 16415 nodes
Info    : 16415 nodes
Info    : 16415 nodes
Info    : 16415 nodes
Info    : 16415 nodes
Info    : 32830 elements
Info    : 32830 elements
Info    : 32830 elements
Info    : 32830 elements
Info    : 32830 elements
Info    : Done reading 'meshes/naca.msh'
Info    : Done reading 'meshes/naca.msh'
Info    : Done reading 'meshes/naca.msh'
Info    : Done reading 'meshes/naca.msh'
Info    : Done reading 'meshes/naca.msh'
Info    : Clearing all models and views...
Info    : Done clearing all models and views
Info    : Clearing all models and views...
Info    : Done clearing all models and views
Info    : Clearing all models and views...
Info    : Done clearing all models and views
Info    : Clearing all models and views...
Info    : Done clearing all models and views
Info    : Clearing all models and views...
Info    : Done clearing all models and views
RCB Partitioning completed.
step=1235 t=0.2 Cd=-0.478181 Cl=-1.84196
Finished. Results written to results/11_mpi/bench_np5

========================================
End!
Time: 1.561 s.
========================================

