Info    : Reading '/Users/sergei/CLionProjects/GD/results/10_cylinder/cylinder_farfield.msh'...
Info    : Reading '/Users/sergei/CLionProjects/GD/results/10_cylinder/cylinder_farfield.msh'...
Info    : Reading '/Users/sergei/CLionProjects/GD/results/10_cylinder/cylinder_farfield.msh'...
Info    : Reading '/Users/sergei/CLionProjects/GD/results/10_cylinder/cylinder_farfield.msh'...
Info    : 18 entities
Info    : 18 entities
Info    : 18 entities
Info    : 18 entities
Info    : 7774 nodes
Info    : 7774 nodes
Info    : 7774 nodes
Info    : 7774 nodes
Info    : 15548 elements
Info    : 15548 elements
Info    : 15548 elements
Info    : 15548 elements
Info    : Done reading '/Users/sergei/CLionProjects/GD/results/10_cylinder/cylinder_farfield.msh'
Info    : Done reading '/Users/sergei/CLionProjects/GD/results/10_cylinder/cylinder_farfield.msh'
Info    : Done reading '/Users/sergei/CLionProjects/GD/results/10_cylinder/cylinder_farfield.msh'
Info    : Done reading '/Users/sergei/CLionProjects/GD/results/10_cylinder/cylinder_farfield.msh'
Info    : Clearing all models and views...
Info    : Clearing all models and views...
Info    : Done clearing all models and views
Info    : Done clearing all models and views
Info    : Clearing all models and views...
Info    : Clearing all models and views...
Info    : Done clearing all models and views
Info    : Done clearing all models and views
RCB Partitioning completed.
step=1382 t=2 Cd=-0.543727 Cl=-0.00724154
Finished. Results written to /Users/sergei/CLionProjects/GD/results/10_cylinder/run

========================================
End!
Time: 0.844 s.
========================================

